[    1181ms] [TIMEEND] Init Base: 0.47802734375 ms @ http://localhost:7456/scripting/engine/bin/.cache/dev/preview/bundled/index.js:19022
[    1241ms] [TIMEEND] Init Infrastructure: 59.97802734375 ms @ http://localhost:7456/scripting/engine/bin/.cache/dev/preview/bundled/index.js:19071
[    1265ms] [WARNING] [.WebGL-0x3e8c001af200]GL Driver Message (OpenGL, Performance, GL_CLOSE_PATH_NV, High): GPU stall due to ReadPixels @ http://localhost:7456/:0
[    1274ms] [LOG] meshopt wasm decoder initialized @ http://localhost:7456/scripting/engine/bin/.cache/dev/preview/bundled/index.js:240261
[    1406ms] [TIMEEND] Init SubSystem: 113.7109375 ms @ http://localhost:7456/scripting/engine/bin/.cache/dev/preview/bundled/index.js:19118
[    1407ms] [LOG] Cocos Creator v3.8.7 @ http://localhost:7456/scripting/engine/bin/.cache/dev/preview/bundled/index.js:240261
[    1522ms] [LOG] Using custom pipeline: Builtin @ http://localhost:7456/scripting/engine/bin/.cache/dev/preview/bundled/index.js:240261
[    1548ms] [TIMEEND] Init Project: 141.626953125 ms @ http://localhost:7456/scripting/engine/bin/.cache/dev/preview/bundled/index.js:19164
[    1585ms] [WARNING] [.WebGL-0x3e8c001af200]GL Driver Message (OpenGL, Performance, GL_CLOSE_PATH_NV, High): GPU stall due to ReadPixels @ http://localhost:7456/:0
[    1589ms] [WARNING] [.WebGL-0x3e8c001af200]GL Driver Message (OpenGL, Performance, GL_CLOSE_PATH_NV, High): GPU stall due to ReadPixels @ http://localhost:7456/:0
[    1813ms] [WARNING] [.WebGL-0x3e8c001af200]GL Driver Message (OpenGL, Performance, GL_CLOSE_PATH_NV, High): GPU stall due to ReadPixels (this message will no longer repeat) @ http://localhost:7456/:0
[    8043ms] [TIMEEND] LoadScene Homepage: 156.048095703125 ms @ http://localhost:7456/scripting/engine/bin/.cache/dev/preview/bundled/index.js:18086
[   44872ms] [TIMEEND] Init Base: 0.14990234375 ms @ http://localhost:7456/scripting/engine/bin/.cache/dev/preview/bundled/index.js:19022
[   44891ms] [TIMEEND] Init Infrastructure: 19.426025390625 ms @ http://localhost:7456/scripting/engine/bin/.cache/dev/preview/bundled/index.js:19071
[   44901ms] [LOG] meshopt wasm decoder initialized @ http://localhost:7456/scripting/engine/bin/.cache/dev/preview/bundled/index.js:240261
[   45035ms] [TIMEEND] Init SubSystem: 120.2529296875 ms @ http://localhost:7456/scripting/engine/bin/.cache/dev/preview/bundled/index.js:19118
[   45035ms] [LOG] Cocos Creator v3.8.7 @ http://localhost:7456/scripting/engine/bin/.cache/dev/preview/bundled/index.js:240261
[   45120ms] [LOG] Using custom pipeline: Builtin @ http://localhost:7456/scripting/engine/bin/.cache/dev/preview/bundled/index.js:240261
[   45124ms] [TIMEEND] Init Project: 88.919921875 ms @ http://localhost:7456/scripting/engine/bin/.cache/dev/preview/bundled/index.js:19164
[   46112ms] [TIMEEND] Init Base: 0.161865234375 ms @ http://localhost:7456/scripting/engine/bin/.cache/dev/preview/bundled/index.js:19022
[   46129ms] [TIMEEND] Init Infrastructure: 17.255859375 ms @ http://localhost:7456/scripting/engine/bin/.cache/dev/preview/bundled/index.js:19071
[   46138ms] [LOG] meshopt wasm decoder initialized @ http://localhost:7456/scripting/engine/bin/.cache/dev/preview/bundled/index.js:240261
[   46252ms] [TIMEEND] Init SubSystem: 103.14111328125 ms @ http://localhost:7456/scripting/engine/bin/.cache/dev/preview/bundled/index.js:19118
[   46252ms] [LOG] Cocos Creator v3.8.7 @ http://localhost:7456/scripting/engine/bin/.cache/dev/preview/bundled/index.js:240261
[   46333ms] [LOG] Using custom pipeline: Builtin @ http://localhost:7456/scripting/engine/bin/.cache/dev/preview/bundled/index.js:240261
[   46337ms] [TIMEEND] Init Project: 85.048095703125 ms @ http://localhost:7456/scripting/engine/bin/.cache/dev/preview/bundled/index.js:19164
[   52619ms] [TIMEEND] LoadScene Homepage: 133.625 ms @ http://localhost:7456/scripting/engine/bin/.cache/dev/preview/bundled/index.js:18086
[   88506ms] [ERROR] ErrorEvent @ http://localhost:7456/:282
[   88510ms] TypeError: Cannot read properties of null (reading 'width')
    at BarFilled.updateUVs (http://localhost:7456/scripting/engine/bin/.cache/dev/preview/bundled/index.js:283586:40)
    at Sprite._updateUVs (http://localhost:7456/scripting/engine/bin/.cache/dev/preview/bundled/index.js:100300:29)
    at Sprite.set (http://localhost:7456/scripting/engine/bin/.cache/dev/preview/bundled/index.js:100470:20)
    at RecruitmentController.onDismissTouchStart (http://localhost:7456/scripting/x/chunks/27/2774e2a32b7684b385510f13ac2783fe41b3ba13.js:1335:46)
    at CallbacksInvoker.emit (http://localhost:7456/scripting/engine/bin/.cache/dev/preview/bundled/index.js:223409:28)
    at NodeEventProcessor.dispatchEvent (http://localhost:7456/scripting/engine/bin/.cache/dev/preview/bundled/index.js:48896:34)
    at Node.dispatchEvent (http://localhost:7456/scripting/engine/bin/.cache/dev/preview/bundled/index.js:50494:32)
    at NodeEventProcessor._handleTouchStart (http://localhost:7456/scripting/engine/bin/.cache/dev/preview/bundled/index.js:49230:18)
    at NodeEventProcessor._handleEventTouch (http://localhost:7456/scripting/engine/bin/.cache/dev/preview/bundled/index.js:49204:29)
    at PointerEventDispatcher.dispatchEventTouch (http://localhost:7456/scripting/engine/bin/.cache/dev/preview/bundled/index.js:102583:43)
[  128956ms] [TIMEEND] Init Base: 0.181884765625 ms @ http://localhost:7456/scripting/engine/bin/.cache/dev/preview/bundled/index.js:19022
[  128976ms] [TIMEEND] Init Infrastructure: 19.22119140625 ms @ http://localhost:7456/scripting/engine/bin/.cache/dev/preview/bundled/index.js:19071
[  128984ms] [LOG] meshopt wasm decoder initialized @ http://localhost:7456/scripting/engine/bin/.cache/dev/preview/bundled/index.js:240261
[  129249ms] [TIMEEND] Init Base: 0.14013671875 ms @ http://localhost:7456/scripting/engine/bin/.cache/dev/preview/bundled/index.js:19022
[  129267ms] [TIMEEND] Init Infrastructure: 17.480224609375 ms @ http://localhost:7456/scripting/engine/bin/.cache/dev/preview/bundled/index.js:19071
[  129274ms] [LOG] meshopt wasm decoder initialized @ http://localhost:7456/scripting/engine/bin/.cache/dev/preview/bundled/index.js:240261
[  129382ms] [TIMEEND] Init SubSystem: 93.170166015625 ms @ http://localhost:7456/scripting/engine/bin/.cache/dev/preview/bundled/index.js:19118
[  129382ms] [LOG] Cocos Creator v3.8.7 @ http://localhost:7456/scripting/engine/bin/.cache/dev/preview/bundled/index.js:240261
[  129472ms] [LOG] Using custom pipeline: Builtin @ http://localhost:7456/scripting/engine/bin/.cache/dev/preview/bundled/index.js:240261
[  129477ms] [TIMEEND] Init Project: 94.409912109375 ms @ http://localhost:7456/scripting/engine/bin/.cache/dev/preview/bundled/index.js:19164
[  136975ms] [TIMEEND] LoadScene Homepage: 159.909912109375 ms @ http://localhost:7456/scripting/engine/bin/.cache/dev/preview/bundled/index.js:18086
[  264408ms] [TIMEEND] Init Base: 0.175048828125 ms @ http://localhost:7456/scripting/engine/bin/.cache/dev/preview/bundled/index.js:19022
[  264423ms] [TIMEEND] Init Infrastructure: 14.927978515625 ms @ http://localhost:7456/scripting/engine/bin/.cache/dev/preview/bundled/index.js:19071
[  264430ms] [LOG] meshopt wasm decoder initialized @ http://localhost:7456/scripting/engine/bin/.cache/dev/preview/bundled/index.js:240261
[  264543ms] [TIMEEND] Init SubSystem: 99.157958984375 ms @ http://localhost:7456/scripting/engine/bin/.cache/dev/preview/bundled/index.js:19118
[  264544ms] [LOG] Cocos Creator v3.8.7 @ http://localhost:7456/scripting/engine/bin/.cache/dev/preview/bundled/index.js:240261
[  264617ms] [LOG] Using custom pipeline: Builtin @ http://localhost:7456/scripting/engine/bin/.cache/dev/preview/bundled/index.js:240261
[  264622ms] [TIMEEND] Init Project: 78.314208984375 ms @ http://localhost:7456/scripting/engine/bin/.cache/dev/preview/bundled/index.js:19164
[  271268ms] [TIMEEND] LoadScene Homepage: 141.009033203125 ms @ http://localhost:7456/scripting/engine/bin/.cache/dev/preview/bundled/index.js:18086
[  396708ms] [TIMEEND] Init Base: 0.136962890625 ms @ http://localhost:7456/scripting/engine/bin/.cache/dev/preview/bundled/index.js:19022
[  396728ms] [TIMEEND] Init Infrastructure: 19.880126953125 ms @ http://localhost:7456/scripting/engine/bin/.cache/dev/preview/bundled/index.js:19071
[  396735ms] [LOG] meshopt wasm decoder initialized @ http://localhost:7456/scripting/engine/bin/.cache/dev/preview/bundled/index.js:240261
[  396854ms] [TIMEEND] Init SubSystem: 106.181884765625 ms @ http://localhost:7456/scripting/engine/bin/.cache/dev/preview/bundled/index.js:19118
[  396854ms] [LOG] Cocos Creator v3.8.7 @ http://localhost:7456/scripting/engine/bin/.cache/dev/preview/bundled/index.js:240261
[  396930ms] [LOG] Using custom pipeline: Builtin @ http://localhost:7456/scripting/engine/bin/.cache/dev/preview/bundled/index.js:240261
[  396934ms] [TIMEEND] Init Project: 79.9248046875 ms @ http://localhost:7456/scripting/engine/bin/.cache/dev/preview/bundled/index.js:19164
[  403140ms] [TIMEEND] LoadScene Homepage: 151.78515625 ms @ http://localhost:7456/scripting/engine/bin/.cache/dev/preview/bundled/index.js:18086
[  444028ms] [TIMEEND] Init Base: 0.175048828125 ms @ http://localhost:7456/scripting/engine/bin/.cache/dev/preview/bundled/index.js:19022
[  444046ms] [TIMEEND] Init Infrastructure: 17.823974609375 ms @ http://localhost:7456/scripting/engine/bin/.cache/dev/preview/bundled/index.js:19071
[  444054ms] [LOG] meshopt wasm decoder initialized @ http://localhost:7456/scripting/engine/bin/.cache/dev/preview/bundled/index.js:240261
[  444170ms] [TIMEEND] Init SubSystem: 102.260009765625 ms @ http://localhost:7456/scripting/engine/bin/.cache/dev/preview/bundled/index.js:19118
[  444170ms] [LOG] Cocos Creator v3.8.7 @ http://localhost:7456/scripting/engine/bin/.cache/dev/preview/bundled/index.js:240261
[  444248ms] [LOG] Using custom pipeline: Builtin @ http://localhost:7456/scripting/engine/bin/.cache/dev/preview/bundled/index.js:240261
[  444252ms] [TIMEEND] Init Project: 82.343994140625 ms @ http://localhost:7456/scripting/engine/bin/.cache/dev/preview/bundled/index.js:19164
[  450652ms] [TIMEEND] LoadScene Homepage: 149.586181640625 ms @ http://localhost:7456/scripting/engine/bin/.cache/dev/preview/bundled/index.js:18086
[  542884ms] [TIMEEND] Init Base: 0.135986328125 ms @ http://localhost:7456/scripting/engine/bin/.cache/dev/preview/bundled/index.js:19022
[  542899ms] [TIMEEND] Init Infrastructure: 15.073974609375 ms @ http://localhost:7456/scripting/engine/bin/.cache/dev/preview/bundled/index.js:19071
[  542906ms] [LOG] meshopt wasm decoder initialized @ http://localhost:7456/scripting/engine/bin/.cache/dev/preview/bundled/index.js:240261
[  543016ms] [TIMEEND] Init SubSystem: 96.868896484375 ms @ http://localhost:7456/scripting/engine/bin/.cache/dev/preview/bundled/index.js:19118
[  543016ms] [LOG] Cocos Creator v3.8.7 @ http://localhost:7456/scripting/engine/bin/.cache/dev/preview/bundled/index.js:240261
[  543088ms] [LOG] Using custom pipeline: Builtin @ http://localhost:7456/scripting/engine/bin/.cache/dev/preview/bundled/index.js:240261
[  543093ms] [TIMEEND] Init Project: 76.80908203125 ms @ http://localhost:7456/scripting/engine/bin/.cache/dev/preview/bundled/index.js:19164
[  550441ms] [TIMEEND] Init Base: 0.13818359375 ms @ http://localhost:7456/scripting/engine/bin/.cache/dev/preview/bundled/index.js:19022
[  550458ms] [TIMEEND] Init Infrastructure: 17.33203125 ms @ http://localhost:7456/scripting/engine/bin/.cache/dev/preview/bundled/index.js:19071
[  550466ms] [LOG] meshopt wasm decoder initialized @ http://localhost:7456/scripting/engine/bin/.cache/dev/preview/bundled/index.js:240261
[  550582ms] [TIMEEND] Init SubSystem: 104.16796875 ms @ http://localhost:7456/scripting/engine/bin/.cache/dev/preview/bundled/index.js:19118
[  550582ms] [LOG] Cocos Creator v3.8.7 @ http://localhost:7456/scripting/engine/bin/.cache/dev/preview/bundled/index.js:240261
[  550655ms] [LOG] Using custom pipeline: Builtin @ http://localhost:7456/scripting/engine/bin/.cache/dev/preview/bundled/index.js:240261
[  550660ms] [TIMEEND] Init Project: 77.695068359375 ms @ http://localhost:7456/scripting/engine/bin/.cache/dev/preview/bundled/index.js:19164
[  557027ms] [TIMEEND] LoadScene Homepage: 144.989013671875 ms @ http://localhost:7456/scripting/engine/bin/.cache/dev/preview/bundled/index.js:18086
