[    1435ms] [TIMEEND] Init Base: 0.76806640625 ms @ http://localhost:7456/scripting/engine/bin/.cache/dev/preview/bundled/index.js:19022
[    1505ms] [TIMEEND] Init Infrastructure: 68.654052734375 ms @ http://localhost:7456/scripting/engine/bin/.cache/dev/preview/bundled/index.js:19071
[    1526ms] [WARNING] [.WebGL-0x4bd4001aa600]GL Driver Message (OpenGL, Performance, GL_CLOSE_PATH_NV, High): GPU stall due to ReadPixels @ http://localhost:7456/:0
[    1548ms] [LOG] meshopt wasm decoder initialized @ http://localhost:7456/scripting/engine/bin/.cache/dev/preview/bundled/index.js:240261
[    1692ms] [TIMEEND] Init SubSystem: 125.001953125 ms @ http://localhost:7456/scripting/engine/bin/.cache/dev/preview/bundled/index.js:19118
[    1692ms] [LOG] Cocos Creator v3.8.7 @ http://localhost:7456/scripting/engine/bin/.cache/dev/preview/bundled/index.js:240261
[    1804ms] [LOG] Using custom pipeline: Builtin @ http://localhost:7456/scripting/engine/bin/.cache/dev/preview/bundled/index.js:240261
[    1830ms] [TIMEEND] Init Project: 137.545166015625 ms @ http://localhost:7456/scripting/engine/bin/.cache/dev/preview/bundled/index.js:19164
[    1867ms] [WARNING] [.WebGL-0x4bd4001aa600]GL Driver Message (OpenGL, Performance, GL_CLOSE_PATH_NV, High): GPU stall due to ReadPixels @ http://localhost:7456/:0
[    1871ms] [WARNING] [.WebGL-0x4bd4001aa600]GL Driver Message (OpenGL, Performance, GL_CLOSE_PATH_NV, High): GPU stall due to ReadPixels @ http://localhost:7456/:0
[    2090ms] [WARNING] [.WebGL-0x4bd4001aa600]GL Driver Message (OpenGL, Performance, GL_CLOSE_PATH_NV, High): GPU stall due to ReadPixels (this message will no longer repeat) @ http://localhost:7456/:0
[    9203ms] [TIMEEND] LoadScene Homepage: 177.4150390625 ms @ http://localhost:7456/scripting/engine/bin/.cache/dev/preview/bundled/index.js:18086
[  127755ms] [TIMEEND] LoadScene Match: 322.549072265625 ms @ http://localhost:7456/scripting/engine/bin/.cache/dev/preview/bundled/index.js:18086
[  214420ms] [TIMEEND] LoadScene Homepage: 88.659912109375 ms @ http://localhost:7456/scripting/engine/bin/.cache/dev/preview/bundled/index.js:18086
[  215351ms] [TIMEEND] LoadScene Match: 19.886962890625 ms @ http://localhost:7456/scripting/engine/bin/.cache/dev/preview/bundled/index.js:18086
[  255709ms] [TIMEEND] LoadScene Homepage: 26.119873046875 ms @ http://localhost:7456/scripting/engine/bin/.cache/dev/preview/bundled/index.js:18086
[  256584ms] [TIMEEND] LoadScene Match: 29.505859375 ms @ http://localhost:7456/scripting/engine/bin/.cache/dev/preview/bundled/index.js:18086
[  258356ms] [TIMEEND] LoadScene Homepage: 32.73291015625 ms @ http://localhost:7456/scripting/engine/bin/.cache/dev/preview/bundled/index.js:18086
[  259384ms] [TIMEEND] LoadScene Match: 20.29296875 ms @ http://localhost:7456/scripting/engine/bin/.cache/dev/preview/bundled/index.js:18086
[  261106ms] [TIMEEND] LoadScene Homepage: 30.72412109375 ms @ http://localhost:7456/scripting/engine/bin/.cache/dev/preview/bundled/index.js:18086
[  262120ms] [TIMEEND] LoadScene Match: 23.368896484375 ms @ http://localhost:7456/scripting/engine/bin/.cache/dev/preview/bundled/index.js:18086
[  264049ms] [TIMEEND] LoadScene Match: 18.27197265625 ms @ http://localhost:7456/scripting/engine/bin/.cache/dev/preview/bundled/index.js:18086
